\BOOKMARK [0][]{ctitle.0}{\376\377\134\001\227\142}{}% 1
\BOOKMARK [0][]{ccontent.0}{\376\377\166\356\000\040\137\125}{}% 2
\BOOKMARK [0][]{chapter.1}{\376\377\173\054\0001\172\340\000\040\213\376\230\230\166\204\147\145\156\220\123\312\170\024\172\166\166\356\166\204\124\214\141\017\116\111}{}% 3
\BOOKMARK [1][]{section.1.1}{\376\377\0001\000.\0001\000\040\213\376\230\230\147\145\156\220}{chapter.1}% 4
\BOOKMARK [1][]{section.1.2}{\376\377\0001\000.\0002\000\040\170\024\172\166\166\204\166\356\166\204\124\214\141\017\116\111}{chapter.1}% 5
\BOOKMARK [0][]{chapter.2}{\376\377\173\054\0002\172\340\000\040\126\375\121\205\131\026\170\024\172\166\163\260\162\266\123\312\122\006\147\220}{}% 6
\BOOKMARK [1][]{section.2.1}{\376\377\0002\000.\0001\000\040\126\375\121\205\131\026\170\024\172\166\163\260\162\266}{chapter.2}% 7
\BOOKMARK [1][]{section.2.2}{\376\377\0002\000.\0002\000\040\126\375\121\205\131\026\145\207\163\056\176\374\217\360\123\312\173\200\147\220}{chapter.2}% 8
\BOOKMARK [2][]{subsection.2.2.1}{\376\377\0002\000.\0002\000.\0001\000\040\121\227\117\131\147\072\150\260\201\302\217\320\122\250\133\146\170\024\172\166\163\260\162\266}{section.2.2}% 9
\BOOKMARK [2][]{subsection.2.2.2}{\376\377\0002\000.\0002\000.\0002\000\040\123\314\201\302\123\117\214\003\217\150\217\371\211\304\122\022\170\024\172\166\163\260\162\266}{section.2.2}% 10
\BOOKMARK [0][]{chapter.3}{\376\377\173\054\0003\172\340\000\040\116\073\211\201\170\024\172\166\121\205\133\271\123\312\170\024\172\166\145\271\150\110}{}% 11
\BOOKMARK [1][]{section.3.1}{\376\377\0003\000.\0001\000\040\170\024\172\166\121\205\133\271}{chapter.3}% 12
\BOOKMARK [2][]{subsection.3.1.1}{\376\377\0003\000.\0001\000.\0001\000\040\121\227\117\131\147\072\150\260\201\302\136\372\152\041}{section.3.1}% 13
\BOOKMARK [1][]{section.3.2}{\376\377\0003\000.\0002\000\040\170\024\172\166\145\271\150\110}{chapter.3}% 14
\BOOKMARK [0][]{chapter.4}{\376\377\173\054\0004\172\340\000\040\230\204\147\037\166\356\150\007}{}% 15
\BOOKMARK [1][]{section.4.1}{\376\377\0004\000.\0001\000\040\230\204\147\037\166\356\150\007}{chapter.4}% 16
\BOOKMARK [0][]{chapter.5}{\376\377\173\054\0005\172\340\000\040\135\362\133\214\142\020\166\204\170\024\172\166\135\345\117\134\123\312\217\333\136\246\133\211\143\222}{}% 17
\BOOKMARK [1][]{section.5.1}{\376\377\0005\000.\0001\000\040\135\362\133\214\142\020\166\204\170\024\172\166\135\345\117\134}{chapter.5}% 18
\BOOKMARK [1][]{section.5.2}{\376\377\0005\000.\0002\000\040\217\333\136\246\133\211\143\222}{chapter.5}% 19
\BOOKMARK [0][]{chapter.6}{\376\377\173\054\0006\172\340\000\040\135\362\121\167\131\007\166\204\170\024\172\166\147\141\116\366\124\214\142\100\227\000\147\141\116\366\123\312\176\317\215\071}{}% 20
\BOOKMARK [1][]{section.6.1}{\376\377\0006\000.\0001\000\040\133\236\232\214\133\244\147\141\116\366\124\214\176\317\215\071\117\335\226\234}{chapter.6}% 21
\BOOKMARK [1][]{section.6.2}{\376\377\0006\000.\0002\000\040\142\100\227\000\147\141\116\366\123\312\176\317\215\071}{chapter.6}% 22
\BOOKMARK [0][]{chapter.7}{\376\377\173\054\0007\172\340\000\040\230\204\213\241\126\360\226\276\123\312\211\343\121\263\145\271\150\110}{}% 23
\BOOKMARK [1][]{section.7.1}{\376\377\0007\000.\0001\000\040\230\204\213\241\126\360\226\276\116\016\142\200\147\057\226\276\160\271}{chapter.7}% 24
\BOOKMARK [1][]{section.7.2}{\376\377\0007\000.\0002\000\040\211\343\121\263\145\271\150\110}{chapter.7}% 25
\BOOKMARK [0][]{section*.11}{\376\377\123\302\200\003\145\207\163\056}{}% 26
